Error at line 2: syntax error
Error at line 2: Invalid expression
Error at line 3: syntax error
Error at line 3: Invalid expression
Error at line 4: syntax error
Error at line 4: Invalid expression
Error at line 5: syntax error
Error at line 5: Invalid expression
Error at line 6: syntax error
Error at line 6: Invalid expression
3
-4
-1
