Error at line 1: syntax error
Start states: { ->q4 }
Accepting states: { q2-> q3-> }
Intermediate states: { q1 } { q5 } { q6 }
Alphabet: 0 1
Transitions:
{ ->q4 } ... { q1 } [symbol="0"];
{ ->q4 } ... { q5 } [symbol="1"];
{ q1 } ... { q2-> q3-> } [symbol="0"];
{ q1 } ... { q1 } [symbol="1"];
{ q2-> q3-> } ... { q2-> q3-> } [symbol="0"];
{ q2-> q3-> } ... { q2-> q3-> } [symbol="1"];
{ q5 } ... { q6 } [symbol="0"];
{ q5 } ... { q5 } [symbol="1"];
{ q6 } ... { q2-> q3-> } [symbol="0"];
{ q6 } ... { q5 } [symbol="1"];

