Error at line 2: syntax error
Error at line 3: The variables must be in range of (Excluding 0) [0, 0]
Error at line 3: The variables must be in range of (Excluding 0) [0, 0]
Error at line 3: Exceeded the total number of clauses
Error at line 3: The variables must be in range of (Excluding 0) [0, 0]
Error at line 3: The variables must be in range of (Excluding 0) [0, 0]
Error at line 4: Exceeded the total number of clauses
Error at line 4: The variables must be in range of (Excluding 0) [0, 0]
Error at line 4: The variables must be in range of (Excluding 0) [0, 0]
Error at line 4: The variables must be in range of (Excluding 0) [0, 0]
Error at line 4: Exceeded the total number of clauses
